    OpenRGB v0.9+ (1.0rc2)
    Commit:  from 
    Launched: 20260107_082109
====================================================================================================

0     |Info:    [ProfileManager] Found file: CoffeeTheme.orp attempting to validate header
0     |Info:    [ProfileManager] Valid v5 profile found for CoffeeTheme
53    |Info:    [ResourceManager] Initializing HID interfaces: Success
53    |Info:    ------------------------------------------------------
53    |Info:    |               Start device detection               |
53    |Info:    ------------------------------------------------------
58    |Info:    ------------------------------------------------------
58    |Info:    |             Detecting I2C interfaces               |
58    |Info:    ------------------------------------------------------
58    |Info:    [ResourceManager] Registering I2C interface: /dev/i2c-3 Device 0000:0000 Subsystem: 0000:0000
58    |Info:    [ResourceManager] Registering I2C interface: /dev/i2c-10 Device 8086:4680 Subsystem: 1458:D000
58    |Info:    [ResourceManager] Registering I2C interface: /dev/i2c-1 Device 0000:0000 Subsystem: 0000:0000
58    |Info:    [ResourceManager] Registering I2C interface: /dev/i2c-8 Device 8086:4680 Subsystem: 1458:D000
58    |Warning: [i2c_smbus_linux] Failed to read i2c device PCI device ID
58    |Info:    [ResourceManager] Registering I2C interface: /dev/i2c-15 Device 0000:0000 Subsystem: 0000:0000
58    |Info:    [ResourceManager] Registering I2C interface: /dev/i2c-6 Device 8086:4680 Subsystem: 1458:D000
58    |Info:    [ResourceManager] Registering I2C interface: /dev/i2c-13 Device 8086:4680 Subsystem: 1458:D000
58    |Info:    [ResourceManager] Registering I2C interface: /dev/i2c-4 Device 0000:0000 Subsystem: 0000:0000
58    |Info:    [ResourceManager] Registering I2C interface: /dev/i2c-11 Device 8086:4680 Subsystem: 1458:D000
58    |Info:    [ResourceManager] Registering I2C interface: /dev/i2c-2 Device 0000:0000 Subsystem: 0000:0000
59    |Info:    [ResourceManager] Registering I2C interface: /dev/i2c-0 Device 0000:0000 Subsystem: 0000:0000
59    |Info:    [ResourceManager] Registering I2C interface: /dev/i2c-9 Device 8086:4680 Subsystem: 1458:D000
59    |Info:    [ResourceManager] Registering I2C interface: /dev/i2c-16 Device 8086:7A23 Subsystem: 1458:5001
59    |Info:    [ResourceManager] Registering I2C interface: /dev/i2c-7 Device 8086:4680 Subsystem: 1458:D000
59    |Info:    [ResourceManager] Registering I2C interface: /dev/i2c-14 Device 8086:4680 Subsystem: 1458:D000
59    |Info:    [ResourceManager] Registering I2C interface: /dev/i2c-5 Device 0000:0000 Subsystem: 0000:0000
59    |Info:    [ResourceManager] Registering I2C interface: /dev/i2c-12 Device 8086:4680 Subsystem: 1458:D000
59    |Info:    ------------------------------------------------------
59    |Info:    |               Detecting I2C devices                |
59    |Info:    ------------------------------------------------------
455   |Info:    ------------------------------------------------------
455   |Info:    |            Detecting I2C DIMM modules              |
455   |Info:    ------------------------------------------------------
520   |Info:    [ResourceManager] Detected occupied slot 2, bus 12, type óúS‰ÒHƒì H‹Ž0
580   |Info:    [ResourceManager] Detected occupied slot 4, bus 12, type óúS‰ÒHƒì H‹Ž0
580   |Info:    ------------------------------------------------------
580   |Info:    |               Detecting I2C PCI devices            |
580   |Info:    ------------------------------------------------------
581   |Info:    ------------------------------------------------------
581   |Info:    |               Detecting HID devices                |
581   |Info:    ------------------------------------------------------
696   |Info:    [B760M AORUS ELITE AX] Registering RGB controller
696   |Info:    ------------------------------------------------------
696   |Info:    |            Detecting libusb HID devices            |
696   |Info:    ------------------------------------------------------
705   |Info:    ------------------------------------------------------
706   |Info:    |              Detecting other devices               |
706   |Info:    ------------------------------------------------------
713   |Info:    [ResourceManager] Calling Post-detection callbacks
713   |Info:    ------------------------------------------------------
713   |Info:    |                Detection completed                 |
713   |Info:    ------------------------------------------------------
714   |Info:    [ProfileManager] Profile loading: Succeeded for B760M AORUS ELITE AX @ HID: /dev/hidraw2
